  Determining projects to restore...
  All projects are up-to-date for restore.
  ThePantry -> C:\Users\jacob\Projects\ThePantry\src\bin\Debug\net10.0\ThePantry.dll

Build succeeded.
    0 Warning(s)
    0 Error(s)

Time Elapsed 00:00:03.56
